// Jest Snapshot v1, https://goo.gl/fbAQLP

exports[`notice we should notice when developer changed something 1`] = `
VueWrapper {
  "__app": Object {
    "_component": Object {
      "name": "VTU_ROOT",
      "render": [Function],
    },
    "_container": <div
      data-v-app=""
    >
      <div
        class="header"
      >
        <div
          class="header-container"
        >
           TodoList 
          <input
            class="header-input"
            data-test="input"
            placeholder="todoItem"
          />
        </div>
      </div>
    </div>,
    "_context": Object {
      "app": [Circular],
      "components": Object {
        "transition": Object {
          "name": "transition",
        },
        "transition-group": Object {
          "name": "transition-group",
        },
      },
      "config": Object {
        "compilerOptions": Object {},
        "errorHandler": undefined,
        "globalProperties": Object {},
        "isNativeTag": [Function],
        "optionMergeStrategies": Object {},
        "performance": false,
        "warnHandler": undefined,
      },
      "directives": Object {},
      "emitsCache": WeakMap {},
      "mixins": Array [
        Object {
          "beforeCreate": [Function],
        },
      ],
      "optionsCache": WeakMap {},
      "propsCache": WeakMap {},
      "provides": Object {},
      "reload": [Function],
    },
    "_instance": Object {
      "a": null,
      "accessCache": Object {},
      "appContext": Object {
        "app": [Circular],
        "components": Object {
          "transition": Object {
            "name": "transition",
          },
          "transition-group": Object {
            "name": "transition-group",
          },
        },
        "config": Object {
          "compilerOptions": Object {},
          "errorHandler": undefined,
          "globalProperties": Object {},
          "isNativeTag": [Function],
          "optionMergeStrategies": Object {},
          "performance": false,
          "warnHandler": undefined,
        },
        "directives": Object {},
        "emitsCache": WeakMap {},
        "mixins": Array [
          Object {
            "beforeCreate": [Function],
          },
        ],
        "optionsCache": WeakMap {},
        "propsCache": WeakMap {},
        "provides": Object {},
        "reload": [Function],
      },
      "asyncDep": null,
      "asyncResolved": false,
      "attrs": Object {},
      "bc": null,
      "bm": null,
      "bu": null,
      "bum": null,
      "c": null,
      "components": null,
      "ctx": Object {},
      "da": null,
      "data": Object {},
      "directives": null,
      "ec": null,
      "effect": ReactiveEffect {
        "active": true,
        "allowRecurse": true,
        "deps": Array [
          Set {
            [Circular],
          },
          Set {
            [Circular],
          },
          Set {
            [Circular],
          },
        ],
        "fn": [Function],
        "onTrack": undefined,
        "onTrigger": undefined,
        "parent": undefined,
        "scheduler": [Function],
      },
      "emit": [Function],
      "emitsOptions": null,
      "emitted": null,
      "exposeProxy": null,
      "exposed": null,
      "inheritAttrs": undefined,
      "isDeactivated": false,
      "isMounted": true,
      "isUnmounted": false,
      "m": null,
      "next": null,
      "parent": null,
      "props": Object {},
      "propsDefaults": Object {},
      "propsOptions": Array [
        Object {},
        Array [],
      ],
      "provides": Object {},
      "proxy": Object {},
      "refs": Object {
        "VTU_COMPONENT": Object {
          "hasOwnProperty": [Function],
        },
      },
      "render": [Function],
      "renderCache": Array [],
      "root": [Circular],
      "rtc": null,
      "rtg": null,
      "scope": EffectScope {
        "active": true,
        "cleanups": Array [],
        "effects": Array [
          ReactiveEffect {
            "active": true,
            "allowRecurse": true,
            "deps": Array [
              Set {
                [Circular],
              },
              Set {
                [Circular],
              },
              Set {
                [Circular],
              },
            ],
            "fn": [Function],
            "onTrack": undefined,
            "onTrigger": undefined,
            "parent": undefined,
            "scheduler": [Function],
          },
        ],
      },
      "setupContext": null,
      "setupState": Object {},
      "slots": Object {},
      "sp": null,
      "subTree": Object {
        "__v_isVNode": true,
        "__v_skip": true,
        "anchor": null,
        "appContext": null,
        "children": null,
        "component": Object {
          "a": null,
          "accessCache": Object {},
          "appContext": Object {
            "app": [Circular],
            "components": Object {
              "transition": Object {
                "name": "transition",
              },
              "transition-group": Object {
                "name": "transition-group",
              },
            },
            "config": Object {
              "compilerOptions": Object {},
              "errorHandler": undefined,
              "globalProperties": Object {},
              "isNativeTag": [Function],
              "optionMergeStrategies": Object {},
              "performance": false,
              "warnHandler": undefined,
            },
            "directives": Object {},
            "emitsCache": WeakMap {},
            "mixins": Array [
              Object {
                "beforeCreate": [Function],
              },
            ],
            "optionsCache": WeakMap {},
            "propsCache": WeakMap {},
            "provides": Object {},
            "reload": [Function],
          },
          "asyncDep": null,
          "asyncResolved": false,
          "attrs": Object {},
          "bc": null,
          "bm": null,
          "bu": null,
          "bum": null,
          "c": null,
          "components": Object {},
          "ctx": Object {},
          "da": null,
          "data": Object {},
          "devtoolsRawSetupState": Object {
            "addTodoItem": [Function],
            "emit": [Function],
            "inputValue": RefImpl {
              "__v_isRef": true,
              "__v_isShallow": false,
              "_rawValue": "",
              "_value": "",
              "dep": Set {
                ReactiveEffect {
                  "active": true,
                  "allowRecurse": true,
                  "deps": Array [
                    [Circular],
                  ],
                  "fn": [Function],
                  "onTrack": undefined,
                  "onTrigger": undefined,
                  "parent": undefined,
                  "scheduler": [Function],
                },
              },
            },
          },
          "directives": null,
          "ec": null,
          "effect": ReactiveEffect {
            "active": true,
            "allowRecurse": true,
            "deps": Array [
              Set {
                [Circular],
              },
            ],
            "fn": [Function],
            "onTrack": undefined,
            "onTrigger": undefined,
            "parent": undefined,
            "scheduler": [Function],
          },
          "emit": [Function],
          "emitsOptions": Object {
            "add": null,
          },
          "emitted": null,
          "exposeProxy": Object {
            "hasOwnProperty": [Function],
          },
          "exposed": Object {
            "hasOwnProperty": [Function],
          },
          "inheritAttrs": undefined,
          "isDeactivated": false,
          "isMounted": true,
          "isUnmounted": false,
          "m": null,
          "next": null,
          "parent": [Circular],
          "props": Object {},
          "propsDefaults": Object {},
          "propsOptions": Array [
            Object {},
            Array [],
          ],
          "provides": Object {},
          "proxy": Object {},
          "refs": Object {},
          "render": [Function],
          "renderCache": Array [
            [Function],
          ],
          "root": [Circular],
          "rtc": null,
          "rtg": null,
          "scope": EffectScope {
            "active": true,
            "cleanups": Array [],
            "effects": Array [
              ReactiveEffect {
                "active": true,
                "allowRecurse": true,
                "deps": Array [
                  Set {
                    [Circular],
                  },
                ],
                "fn": [Function],
                "onTrack": undefined,
                "onTrigger": undefined,
                "parent": undefined,
                "scheduler": [Function],
              },
            ],
          },
          "setupContext": Object {
            "attrs": Object {},
            "emit": [Function],
            "expose": [Function],
            "slots": Object {},
          },
          "setupState": Object {
            "addTodoItem": [Function],
            "emit": [Function],
            "inputValue": "",
          },
          "slots": Object {},
          "sp": null,
          "subTree": Object {
            "__v_isVNode": true,
            "__v_skip": true,
            "anchor": null,
            "appContext": null,
            "children": Array [
              Object {
                "__v_isVNode": true,
                "__v_skip": true,
                "anchor": null,
                "appContext": null,
                "children": Array [
                  Object {
                    "__v_isVNode": true,
                    "__v_skip": true,
                    "anchor": null,
                    "appContext": null,
                    "children": " TodoList ",
                    "component": null,
                    "dirs": null,
                    "dynamicChildren": null,
                    "dynamicProps": null,
                    "el":  TodoList ,
                    "key": null,
                    "patchFlag": 0,
                    "props": null,
                    "ref": null,
                    "scopeId": null,
                    "shapeFlag": 8,
                    "slotScopeIds": null,
                    "ssContent": null,
                    "ssFallback": null,
                    "staticCount": 0,
                    "suspense": null,
                    "target": null,
                    "targetAnchor": null,
                    "transition": null,
                    "type": Symbol(Text),
                  },
                  Object {
                    "__v_isVNode": true,
                    "__v_skip": true,
                    "anchor": null,
                    "appContext": null,
                    "children": null,
                    "component": null,
                    "dirs": Array [
                      Object {
                        "arg": undefined,
                        "dir": Object {
                          "beforeUpdate": [Function],
                          "created": [Function],
                          "mounted": [Function],
                        },
                        "instance": Object {
                          "hasOwnProperty": [Function],
                        },
                        "modifiers": Object {},
                        "oldValue": undefined,
                        "value": "",
                      },
                    ],
                    "dynamicChildren": null,
                    "dynamicProps": Array [
                      "onKeyup",
                    ],
                    "el": <input
                      class="header-input"
                      data-test="input"
                      placeholder="todoItem"
                    />,
                    "key": null,
                    "patchFlag": 40,
                    "props": Object {
                      "class": "header-input",
                      "data-test": "input",
                      "onKeyup": [Function],
                      "onUpdate:modelValue": [Function],
                      "placeholder": "todoItem",
                    },
                    "ref": null,
                    "scopeId": null,
                    "shapeFlag": 1,
                    "slotScopeIds": null,
                    "ssContent": null,
                    "ssFallback": null,
                    "staticCount": 0,
                    "suspense": null,
                    "target": null,
                    "targetAnchor": null,
                    "transition": null,
                    "type": "input",
                  },
                ],
                "component": null,
                "dirs": null,
                "dynamicChildren": null,
                "dynamicProps": null,
                "el": <div
                  class="header-container"
                >
                   TodoList 
                  <input
                    class="header-input"
                    data-test="input"
                    placeholder="todoItem"
                  />
                </div>,
                "key": null,
                "patchFlag": 0,
                "props": Object {
                  "class": "header-container",
                },
                "ref": null,
                "scopeId": null,
                "shapeFlag": 17,
                "slotScopeIds": null,
                "ssContent": null,
                "ssFallback": null,
                "staticCount": 0,
                "suspense": null,
                "target": null,
                "targetAnchor": null,
                "transition": null,
                "type": "div",
              },
            ],
            "component": null,
            "dirs": null,
            "dynamicChildren": Array [
              Object {
                "__v_isVNode": true,
                "__v_skip": true,
                "anchor": null,
                "appContext": null,
                "children": null,
                "component": null,
                "dirs": Array [
                  Object {
                    "arg": undefined,
                    "dir": Object {
                      "beforeUpdate": [Function],
                      "created": [Function],
                      "mounted": [Function],
                    },
                    "instance": Object {
                      "hasOwnProperty": [Function],
                    },
                    "modifiers": Object {},
                    "oldValue": undefined,
                    "value": "",
                  },
                ],
                "dynamicChildren": null,
                "dynamicProps": Array [
                  "onKeyup",
                ],
                "el": <input
                  class="header-input"
                  data-test="input"
                  placeholder="todoItem"
                />,
                "key": null,
                "patchFlag": 40,
                "props": Object {
                  "class": "header-input",
                  "data-test": "input",
                  "onKeyup": [Function],
                  "onUpdate:modelValue": [Function],
                  "placeholder": "todoItem",
                },
                "ref": null,
                "scopeId": null,
                "shapeFlag": 1,
                "slotScopeIds": null,
                "ssContent": null,
                "ssFallback": null,
                "staticCount": 0,
                "suspense": null,
                "target": null,
                "targetAnchor": null,
                "transition": null,
                "type": "input",
              },
            ],
            "dynamicProps": null,
            "el": <div
              class="header"
            >
              <div
                class="header-container"
              >
                 TodoList 
                <input
                  class="header-input"
                  data-test="input"
                  placeholder="todoItem"
                />
              </div>
            </div>,
            "key": null,
            "patchFlag": 0,
            "props": Object {
              "class": "header",
            },
            "ref": null,
            "scopeId": null,
            "shapeFlag": 17,
            "slotScopeIds": null,
            "ssContent": null,
            "ssFallback": null,
            "staticCount": 0,
            "suspense": null,
            "target": null,
            "targetAnchor": null,
            "transition": null,
            "type": "div",
          },
          "suspense": null,
          "suspenseId": 0,
          "type": Object {
            "__name": "Header",
            "components": Object {},
            "emits": Array [
              "add",
            ],
            "render": [Function],
            "setup": [Function],
          },
          "u": null,
          "uid": 3,
          "um": null,
          "update": [Function],
          "vnode": [Circular],
          "withProxy": null,
        },
        "dirs": null,
        "dynamicChildren": null,
        "dynamicProps": null,
        "el": <div
          class="header"
        >
          <div
            class="header-container"
          >
             TodoList 
            <input
              class="header-input"
              data-test="input"
              placeholder="todoItem"
            />
          </div>
        </div>,
        "key": null,
        "patchFlag": 0,
        "props": Object {
          "ref": "VTU_COMPONENT",
        },
        "ref": Object {
          "f": false,
          "i": [Circular],
          "k": undefined,
          "r": "VTU_COMPONENT",
        },
        "scopeId": null,
        "shapeFlag": 4,
        "slotScopeIds": null,
        "ssContent": null,
        "ssFallback": null,
        "staticCount": 0,
        "suspense": null,
        "target": null,
        "targetAnchor": null,
        "transition": null,
        "type": Object {
          "__name": "Header",
          "components": Object {},
          "emits": Array [
            "add",
          ],
          "render": [Function],
          "setup": [Function],
        },
      },
      "suspense": null,
      "suspenseId": 0,
      "type": Object {
        "name": "VTU_ROOT",
        "render": [Function],
      },
      "u": null,
      "uid": 2,
      "um": null,
      "update": [Function],
      "vnode": Object {
        "__v_isVNode": true,
        "__v_skip": true,
        "anchor": null,
        "appContext": Object {
          "app": [Circular],
          "components": Object {
            "transition": Object {
              "name": "transition",
            },
            "transition-group": Object {
              "name": "transition-group",
            },
          },
          "config": Object {
            "compilerOptions": Object {},
            "errorHandler": undefined,
            "globalProperties": Object {},
            "isNativeTag": [Function],
            "optionMergeStrategies": Object {},
            "performance": false,
            "warnHandler": undefined,
          },
          "directives": Object {},
          "emitsCache": WeakMap {},
          "mixins": Array [
            Object {
              "beforeCreate": [Function],
            },
          ],
          "optionsCache": WeakMap {},
          "propsCache": WeakMap {},
          "provides": Object {},
          "reload": [Function],
        },
        "children": null,
        "component": [Circular],
        "dirs": null,
        "dynamicChildren": null,
        "dynamicProps": null,
        "el": <div
          class="header"
        >
          <div
            class="header-container"
          >
             TodoList 
            <input
              class="header-input"
              data-test="input"
              placeholder="todoItem"
            />
          </div>
        </div>,
        "key": null,
        "patchFlag": 0,
        "props": null,
        "ref": null,
        "scopeId": null,
        "shapeFlag": 4,
        "slotScopeIds": null,
        "ssContent": null,
        "ssFallback": null,
        "staticCount": 0,
        "suspense": null,
        "target": null,
        "targetAnchor": null,
        "transition": null,
        "type": Object {
          "name": "VTU_ROOT",
          "render": [Function],
        },
      },
      "withProxy": null,
    },
    "_props": null,
    "_uid": 1,
    "component": [Function],
    "config": Object {
      "compilerOptions": Object {},
      "errorHandler": undefined,
      "globalProperties": Object {},
      "isNativeTag": [Function],
      "optionMergeStrategies": Object {},
      "performance": false,
      "warnHandler": undefined,
    },
    "directive": [Function],
    "mixin": [Function],
    "mount": [Function],
    "provide": [Function],
    "unmount": [Function],
    "use": [Function],
    "version": "3.2.37",
  },
  "__setProps": [Function],
  "componentVM": Object {},
  "isDisabled": [Function],
  "rootVM": Object {},
  "wrapperElement": <div
    class="header"
  >
    <div
      class="header-container"
    >
       TodoList 
      <input
        class="header-input"
        data-test="input"
        placeholder="todoItem"
      />
    </div>
  </div>,
}
`;
